// Vitest Snapshot v1, https://vitest.dev/guide/snapshot.html

exports[`Books > matches the snapshot after loading books 1`] = `
<DocumentFragment>
  <div
    class="MuiContainer-root MuiContainer-maxWidthLg content css-5c1adp-MuiContainer-root"
  >
    <div
      class="MuiStack-root css-v2woy3-MuiStack-root"
    >
      <div
        class="MuiPaper-root MuiPaper-elevation MuiPaper-rounded MuiPaper-elevation0 toolbar-panel css-1gtchvp-MuiPaper-root"
        style="--Paper-shadow: none;"
      >
        <div
          class="filter-grid MuiBox-root css-0"
        >
          <div
            class="MuiFormControl-root MuiFormControl-fullWidth MuiTextField-root css-cmpglg-MuiFormControl-root-MuiTextField-root"
          >
            <label
              class="MuiFormLabel-root MuiInputLabel-root MuiInputLabel-formControl MuiInputLabel-animated MuiInputLabel-shrink MuiInputLabel-sizeMedium MuiInputLabel-outlined MuiFormLabel-colorPrimary MuiInputLabel-root MuiInputLabel-formControl MuiInputLabel-animated MuiInputLabel-shrink MuiInputLabel-sizeMedium MuiInputLabel-outlined css-113d811-MuiFormLabel-root-MuiInputLabel-root"
              data-shrink="true"
              for=":r0:"
              id=":r0:-label"
            >
              Search books, authors, owners, teams
            </label>
            <div
              class="MuiInputBase-root MuiOutlinedInput-root MuiInputBase-colorPrimary MuiInputBase-fullWidth MuiInputBase-formControl MuiInputBase-adornedStart css-ot336b-MuiInputBase-root-MuiOutlinedInput-root"
            >
              <div
                class="MuiInputAdornment-root MuiInputAdornment-positionStart MuiInputAdornment-outlined MuiInputAdornment-sizeMedium css-1nowbqt-MuiInputAdornment-root"
              >
                <span
                  aria-hidden="true"
                  class="notranslate"
                >
                  ​
                </span>
                <svg
                  aria-hidden="true"
                  class="MuiSvgIcon-root MuiSvgIcon-fontSizeMedium css-1umw9bq-MuiSvgIcon-root"
                  data-testid="SearchIcon"
                  focusable="false"
                  viewBox="0 0 24 24"
                >
                  <path
                    d="M15.5 14h-.79l-.28-.27C15.41 12.59 16 11.11 16 9.5 16 5.91 13.09 3 9.5 3S3 5.91 3 9.5 5.91 16 9.5 16c1.61 0 3.09-.59 4.23-1.57l.27.28v.79l5 4.99L20.49 19zm-6 0C7.01 14 5 11.99 5 9.5S7.01 5 9.5 5 14 7.01 14 9.5 11.99 14 9.5 14"
                  />
                </svg>
              </div>
              <input
                aria-invalid="false"
                class="MuiInputBase-input MuiOutlinedInput-input MuiInputBase-inputAdornedStart css-2u11ia-MuiInputBase-input-MuiOutlinedInput-input"
                id=":r0:"
                type="text"
                value=""
              />
              <fieldset
                aria-hidden="true"
                class="MuiOutlinedInput-notchedOutline css-18p5xg2-MuiNotchedOutlined-root-MuiOutlinedInput-notchedOutline"
              >
                <legend
                  class="css-ex8a5f-MuiNotchedOutlined-root"
                >
                  <span>
                    Search books, authors, owners, teams
                  </span>
                </legend>
              </fieldset>
            </div>
          </div>
          <div
            class="MuiFormControl-root MuiFormControl-fullWidth css-ytlejw-MuiFormControl-root"
          >
            <label
              class="MuiFormLabel-root MuiInputLabel-root MuiInputLabel-formControl MuiInputLabel-animated MuiInputLabel-shrink MuiInputLabel-sizeMedium MuiInputLabel-outlined MuiFormLabel-colorPrimary MuiFormLabel-filled MuiInputLabel-root MuiInputLabel-formControl MuiInputLabel-animated MuiInputLabel-shrink MuiInputLabel-sizeMedium MuiInputLabel-outlined css-113d811-MuiFormLabel-root-MuiInputLabel-root"
              data-shrink="true"
            >
              Status
            </label>
            <div
              class="MuiInputBase-root MuiOutlinedInput-root MuiInputBase-colorPrimary MuiInputBase-formControl MuiSelect-root css-sc8y68-MuiInputBase-root-MuiOutlinedInput-root-MuiSelect-root"
            >
              <div
                aria-expanded="false"
                aria-haspopup="listbox"
                class="MuiSelect-select MuiSelect-outlined MuiInputBase-input MuiOutlinedInput-input css-18jp67o-MuiNativeSelect-root-MuiSelect-select-MuiInputBase-input-MuiOutlinedInput-input"
                role="combobox"
                tabindex="0"
              >
                All
              </div>
              <input
                aria-hidden="true"
                aria-invalid="false"
                class="MuiSelect-nativeInput css-j0riat-MuiSelect-nativeInput"
                tabindex="-1"
                value="All"
              />
              <svg
                aria-hidden="true"
                class="MuiSvgIcon-root MuiSvgIcon-fontSizeMedium MuiSelect-icon MuiSelect-iconOutlined css-1rfqz7c-MuiSvgIcon-root-MuiNativeSelect-root-MuiSelect-icon"
                data-testid="ArrowDropDownIcon"
                focusable="false"
                viewBox="0 0 24 24"
              >
                <path
                  d="M7 10l5 5 5-5z"
                />
              </svg>
              <fieldset
                aria-hidden="true"
                class="MuiOutlinedInput-notchedOutline css-18p5xg2-MuiNotchedOutlined-root-MuiOutlinedInput-notchedOutline"
              >
                <legend
                  class="css-ex8a5f-MuiNotchedOutlined-root"
                >
                  <span>
                    Status
                  </span>
                </legend>
              </fieldset>
            </div>
          </div>
          <div
            class="toolbar-action MuiBox-root css-0"
          >
            <button
              class="MuiButtonBase-root MuiButton-root MuiButton-contained MuiButton-containedPrimary MuiButton-sizeMedium MuiButton-containedSizeMedium MuiButton-colorPrimary MuiButton-fullWidth MuiButton-root MuiButton-contained MuiButton-containedPrimary MuiButton-sizeMedium MuiButton-containedSizeMedium MuiButton-colorPrimary MuiButton-fullWidth css-1k9hkw1-MuiButtonBase-root-MuiButton-root"
              tabindex="0"
              type="button"
            >
              <span
                class="MuiButton-icon MuiButton-startIcon MuiButton-iconSizeMedium css-1sh91j5-MuiButton-startIcon"
              >
                <svg
                  aria-hidden="true"
                  class="MuiSvgIcon-root MuiSvgIcon-fontSizeMedium css-1umw9bq-MuiSvgIcon-root"
                  data-testid="AddIcon"
                  focusable="false"
                  viewBox="0 0 24 24"
                >
                  <path
                    d="M19 13h-6v6h-2v-6H5v-2h6V5h2v6h6z"
                  />
                </svg>
              </span>
              Add a book
            </button>
          </div>
        </div>
      </div>
      <div
        class="pagination-bar MuiBox-root css-0"
      >
        <p
          class="MuiTypography-root MuiTypography-body1 css-izap9d-MuiTypography-root"
        >
          Page 1 of 1
        </p>
        <div
          class="MuiStack-root css-niqf4j-MuiStack-root"
        >
          <span
            aria-label="Previous page"
            class=""
            data-mui-internal-clone-element="true"
          >
            <button
              aria-label="Previous page"
              class="MuiButtonBase-root Mui-disabled MuiIconButton-root Mui-disabled MuiIconButton-sizeMedium css-53g0n7-MuiButtonBase-root-MuiIconButton-root"
              disabled=""
              tabindex="-1"
              type="button"
            >
              <svg
                aria-hidden="true"
                class="MuiSvgIcon-root MuiSvgIcon-fontSizeMedium css-1umw9bq-MuiSvgIcon-root"
                data-testid="ChevronLeftIcon"
                focusable="false"
                viewBox="0 0 24 24"
              >
                <path
                  d="M15.41 7.41 14 6l-6 6 6 6 1.41-1.41L10.83 12z"
                />
              </svg>
            </button>
          </span>
          <span
            aria-label="Next page"
            class=""
            data-mui-internal-clone-element="true"
          >
            <button
              aria-label="Next page"
              class="MuiButtonBase-root Mui-disabled MuiIconButton-root Mui-disabled MuiIconButton-sizeMedium css-53g0n7-MuiButtonBase-root-MuiIconButton-root"
              disabled=""
              tabindex="-1"
              type="button"
            >
              <svg
                aria-hidden="true"
                class="MuiSvgIcon-root MuiSvgIcon-fontSizeMedium css-1umw9bq-MuiSvgIcon-root"
                data-testid="ChevronRightIcon"
                focusable="false"
                viewBox="0 0 24 24"
              >
                <path
                  d="M10 6 8.59 7.41 13.17 12l-4.58 4.59L10 18l6-6z"
                />
              </svg>
            </button>
          </span>
        </div>
      </div>
      <div
        class="book-grid MuiBox-root css-0"
      >
        <div
          class="MuiPaper-root MuiPaper-elevation MuiPaper-rounded MuiPaper-elevation0 book-card css-1gtchvp-MuiPaper-root"
          style="--Paper-shadow: none;"
        >
          <div
            class="MuiStack-root css-1a7f82c-MuiStack-root"
          >
            <div
              class="MuiStack-root css-b1ba5p-MuiStack-root"
            >
              <div
                class="MuiBox-root css-0"
              >
                <h2
                  class="MuiTypography-root MuiTypography-h2 css-o2za6n-MuiTypography-root"
                >
                  Clean Code
                </h2>
                <p
                  class="MuiTypography-root MuiTypography-body1 css-k16oju-MuiTypography-root"
                >
                  Robert C. Martin
                </p>
              </div>
              <div
                class="MuiChip-root MuiChip-filled MuiChip-sizeSmall MuiChip-colorSuccess MuiChip-filledSuccess css-1fiq0pv-MuiChip-root"
              >
                <span
                  class="MuiChip-label MuiChip-labelSmall css-eccknh-MuiChip-label"
                >
                  Available
                </span>
              </div>
            </div>
            <div
              class="book-meta MuiBox-root css-0"
            >
              <p
                class="MuiTypography-root MuiTypography-body2 css-7ctihp-MuiTypography-root"
              >
                Owner
              </p>
              <p
                class="MuiTypography-root MuiTypography-body1 css-izap9d-MuiTypography-root"
              >
                Ada Lovelace - Engineering
              </p>
            </div>
            <p
              class="MuiTypography-root MuiTypography-body1 css-k16oju-MuiTypography-root"
            >
              Keep near the pairing station.
            </p>
            <div
              class="MuiBox-root css-i9gxme"
            />
            <div
              class="MuiStack-root css-1jbxis-MuiStack-root"
            >
              <button
                class="MuiButtonBase-root MuiButton-root MuiButton-contained MuiButton-containedPrimary MuiButton-sizeMedium MuiButton-containedSizeMedium MuiButton-colorPrimary MuiButton-root MuiButton-contained MuiButton-containedPrimary MuiButton-sizeMedium MuiButton-containedSizeMedium MuiButton-colorPrimary css-74d805-MuiButtonBase-root-MuiButton-root"
                tabindex="0"
                type="button"
              >
                <span
                  class="MuiButton-icon MuiButton-startIcon MuiButton-iconSizeMedium css-1sh91j5-MuiButton-startIcon"
                >
                  <svg
                    aria-hidden="true"
                    class="MuiSvgIcon-root MuiSvgIcon-fontSizeMedium css-1umw9bq-MuiSvgIcon-root"
                    data-testid="LogoutIcon"
                    focusable="false"
                    viewBox="0 0 24 24"
                  >
                    <path
                      d="m17 7-1.41 1.41L18.17 11H8v2h10.17l-2.58 2.58L17 17l5-5zM4 5h8V3H4c-1.1 0-2 .9-2 2v14c0 1.1.9 2 2 2h8v-2H4z"
                    />
                  </svg>
                </span>
                Borrow
              </button>
              <button
                aria-label="Delete Clean Code"
                class="MuiButtonBase-root MuiIconButton-root MuiIconButton-colorError MuiIconButton-sizeMedium css-j76wmq-MuiButtonBase-root-MuiIconButton-root"
                data-mui-internal-clone-element="true"
                tabindex="0"
                type="button"
              >
                <svg
                  aria-hidden="true"
                  class="MuiSvgIcon-root MuiSvgIcon-fontSizeMedium css-1umw9bq-MuiSvgIcon-root"
                  data-testid="DeleteOutlineIcon"
                  focusable="false"
                  viewBox="0 0 24 24"
                >
                  <path
                    d="M6 19c0 1.1.9 2 2 2h8c1.1 0 2-.9 2-2V7H6zM8 9h8v10H8zm7.5-5-1-1h-5l-1 1H5v2h14V4z"
                  />
                </svg>
              </button>
            </div>
          </div>
        </div>
        <div
          class="MuiPaper-root MuiPaper-elevation MuiPaper-rounded MuiPaper-elevation0 book-card css-1gtchvp-MuiPaper-root"
          style="--Paper-shadow: none;"
        >
          <div
            class="MuiStack-root css-1a7f82c-MuiStack-root"
          >
            <div
              class="MuiStack-root css-b1ba5p-MuiStack-root"
            >
              <div
                class="MuiBox-root css-0"
              >
                <h2
                  class="MuiTypography-root MuiTypography-h2 css-o2za6n-MuiTypography-root"
                >
                  Refactoring
                </h2>
                <p
                  class="MuiTypography-root MuiTypography-body1 css-k16oju-MuiTypography-root"
                >
                  Martin Fowler
                </p>
              </div>
              <div
                class="MuiChip-root MuiChip-filled MuiChip-sizeSmall MuiChip-colorSuccess MuiChip-filledSuccess css-1fiq0pv-MuiChip-root"
              >
                <span
                  class="MuiChip-label MuiChip-labelSmall css-eccknh-MuiChip-label"
                >
                  Available
                </span>
              </div>
            </div>
            <div
              class="book-meta MuiBox-root css-0"
            >
              <p
                class="MuiTypography-root MuiTypography-body2 css-7ctihp-MuiTypography-root"
              >
                Owner
              </p>
              <p
                class="MuiTypography-root MuiTypography-body1 css-izap9d-MuiTypography-root"
              >
                Ada Lovelace - Engineering
              </p>
            </div>
            <div
              class="MuiBox-root css-i9gxme"
            />
            <div
              class="MuiStack-root css-1jbxis-MuiStack-root"
            >
              <button
                class="MuiButtonBase-root MuiButton-root MuiButton-contained MuiButton-containedPrimary MuiButton-sizeMedium MuiButton-containedSizeMedium MuiButton-colorPrimary MuiButton-root MuiButton-contained MuiButton-containedPrimary MuiButton-sizeMedium MuiButton-containedSizeMedium MuiButton-colorPrimary css-74d805-MuiButtonBase-root-MuiButton-root"
                tabindex="0"
                type="button"
              >
                <span
                  class="MuiButton-icon MuiButton-startIcon MuiButton-iconSizeMedium css-1sh91j5-MuiButton-startIcon"
                >
                  <svg
                    aria-hidden="true"
                    class="MuiSvgIcon-root MuiSvgIcon-fontSizeMedium css-1umw9bq-MuiSvgIcon-root"
                    data-testid="LogoutIcon"
                    focusable="false"
                    viewBox="0 0 24 24"
                  >
                    <path
                      d="m17 7-1.41 1.41L18.17 11H8v2h10.17l-2.58 2.58L17 17l5-5zM4 5h8V3H4c-1.1 0-2 .9-2 2v14c0 1.1.9 2 2 2h8v-2H4z"
                    />
                  </svg>
                </span>
                Borrow
              </button>
              <button
                aria-label="Delete Refactoring"
                class="MuiButtonBase-root MuiIconButton-root MuiIconButton-colorError MuiIconButton-sizeMedium css-j76wmq-MuiButtonBase-root-MuiIconButton-root"
                data-mui-internal-clone-element="true"
                tabindex="0"
                type="button"
              >
                <svg
                  aria-hidden="true"
                  class="MuiSvgIcon-root MuiSvgIcon-fontSizeMedium css-1umw9bq-MuiSvgIcon-root"
                  data-testid="DeleteOutlineIcon"
                  focusable="false"
                  viewBox="0 0 24 24"
                >
                  <path
                    d="M6 19c0 1.1.9 2 2 2h8c1.1 0 2-.9 2-2V7H6zM8 9h8v10H8zm7.5-5-1-1h-5l-1 1H5v2h14V4z"
                  />
                </svg>
              </button>
            </div>
          </div>
        </div>
      </div>
      <div
        class="MuiPaper-root MuiPaper-elevation MuiPaper-rounded MuiPaper-elevation0 MuiTableContainer-root book-table css-y2ff7i-MuiPaper-root-MuiTableContainer-root"
        style="--Paper-shadow: none;"
      >
        <table
          aria-label="Books"
          class="MuiTable-root css-1xwxv7r-MuiTable-root"
        >
          <thead
            class="MuiTableHead-root css-1a7iywq-MuiTableHead-root"
          >
            <tr
              class="MuiTableRow-root MuiTableRow-head css-1xtozoh-MuiTableRow-root"
            >
              <th
                class="MuiTableCell-root MuiTableCell-head MuiTableCell-sizeSmall css-g6bqb5-MuiTableCell-root"
                scope="col"
              >
                Book
              </th>
              <th
                class="MuiTableCell-root MuiTableCell-head MuiTableCell-sizeSmall css-g6bqb5-MuiTableCell-root"
                scope="col"
              >
                Owner
              </th>
              <th
                class="MuiTableCell-root MuiTableCell-head MuiTableCell-sizeSmall css-g6bqb5-MuiTableCell-root"
                scope="col"
              >
                Status
              </th>
              <th
                class="MuiTableCell-root MuiTableCell-head MuiTableCell-alignRight MuiTableCell-sizeSmall css-1ais0ar-MuiTableCell-root"
                scope="col"
              >
                Actions
              </th>
            </tr>
          </thead>
          <tbody
            class="MuiTableBody-root css-gmh7jj-MuiTableBody-root"
          >
            <tr
              class="MuiTableRow-root MuiTableRow-hover css-1xtozoh-MuiTableRow-root"
            >
              <td
                class="MuiTableCell-root MuiTableCell-body MuiTableCell-sizeSmall css-jiabcu-MuiTableCell-root"
              >
                <p
                  class="MuiTypography-root MuiTypography-body1 css-izap9d-MuiTypography-root"
                >
                  Clean Code
                </p>
                <p
                  class="MuiTypography-root MuiTypography-body2 css-1wle3ir-MuiTypography-root"
                >
                  Robert C. Martin
                </p>
              </td>
              <td
                class="MuiTableCell-root MuiTableCell-body MuiTableCell-sizeSmall css-jiabcu-MuiTableCell-root"
              >
                <p
                  class="MuiTypography-root MuiTypography-body1 css-izap9d-MuiTypography-root"
                >
                  Ada Lovelace
                </p>
                <p
                  class="MuiTypography-root MuiTypography-body2 css-1wle3ir-MuiTypography-root"
                >
                  Engineering
                </p>
              </td>
              <td
                class="MuiTableCell-root MuiTableCell-body MuiTableCell-sizeSmall css-jiabcu-MuiTableCell-root"
              >
                <div
                  class="MuiChip-root MuiChip-filled MuiChip-sizeSmall MuiChip-colorSuccess MuiChip-filledSuccess css-1fiq0pv-MuiChip-root"
                >
                  <span
                    class="MuiChip-label MuiChip-labelSmall css-eccknh-MuiChip-label"
                  >
                    Available
                  </span>
                </div>
              </td>
              <td
                class="MuiTableCell-root MuiTableCell-body MuiTableCell-alignRight MuiTableCell-sizeSmall css-17j8okc-MuiTableCell-root"
              >
                <div
                  class="MuiStack-root css-2bof0u-MuiStack-root"
                >
                  <button
                    aria-label="Borrow Clean Code"
                    class="MuiButtonBase-root MuiIconButton-root MuiIconButton-colorPrimary MuiIconButton-sizeSmall css-1adhh5r-MuiButtonBase-root-MuiIconButton-root"
                    data-mui-internal-clone-element="true"
                    tabindex="0"
                    type="button"
                  >
                    <svg
                      aria-hidden="true"
                      class="MuiSvgIcon-root MuiSvgIcon-fontSizeSmall css-120dh41-MuiSvgIcon-root"
                      data-testid="LogoutIcon"
                      focusable="false"
                      viewBox="0 0 24 24"
                    >
                      <path
                        d="m17 7-1.41 1.41L18.17 11H8v2h10.17l-2.58 2.58L17 17l5-5zM4 5h8V3H4c-1.1 0-2 .9-2 2v14c0 1.1.9 2 2 2h8v-2H4z"
                      />
                    </svg>
                  </button>
                  <button
                    aria-label="Delete Clean Code"
                    class="MuiButtonBase-root MuiIconButton-root MuiIconButton-colorError MuiIconButton-sizeSmall css-195ve3w-MuiButtonBase-root-MuiIconButton-root"
                    data-mui-internal-clone-element="true"
                    tabindex="0"
                    type="button"
                  >
                    <svg
                      aria-hidden="true"
                      class="MuiSvgIcon-root MuiSvgIcon-fontSizeSmall css-120dh41-MuiSvgIcon-root"
                      data-testid="DeleteOutlineIcon"
                      focusable="false"
                      viewBox="0 0 24 24"
                    >
                      <path
                        d="M6 19c0 1.1.9 2 2 2h8c1.1 0 2-.9 2-2V7H6zM8 9h8v10H8zm7.5-5-1-1h-5l-1 1H5v2h14V4z"
                      />
                    </svg>
                  </button>
                </div>
              </td>
            </tr>
            <tr
              class="MuiTableRow-root MuiTableRow-hover css-1xtozoh-MuiTableRow-root"
            >
              <td
                class="MuiTableCell-root MuiTableCell-body MuiTableCell-sizeSmall css-jiabcu-MuiTableCell-root"
              >
                <p
                  class="MuiTypography-root MuiTypography-body1 css-izap9d-MuiTypography-root"
                >
                  Refactoring
                </p>
                <p
                  class="MuiTypography-root MuiTypography-body2 css-1wle3ir-MuiTypography-root"
                >
                  Martin Fowler
                </p>
              </td>
              <td
                class="MuiTableCell-root MuiTableCell-body MuiTableCell-sizeSmall css-jiabcu-MuiTableCell-root"
              >
                <p
                  class="MuiTypography-root MuiTypography-body1 css-izap9d-MuiTypography-root"
                >
                  Ada Lovelace
                </p>
                <p
                  class="MuiTypography-root MuiTypography-body2 css-1wle3ir-MuiTypography-root"
                >
                  Engineering
                </p>
              </td>
              <td
                class="MuiTableCell-root MuiTableCell-body MuiTableCell-sizeSmall css-jiabcu-MuiTableCell-root"
              >
                <div
                  class="MuiChip-root MuiChip-filled MuiChip-sizeSmall MuiChip-colorSuccess MuiChip-filledSuccess css-1fiq0pv-MuiChip-root"
                >
                  <span
                    class="MuiChip-label MuiChip-labelSmall css-eccknh-MuiChip-label"
                  >
                    Available
                  </span>
                </div>
              </td>
              <td
                class="MuiTableCell-root MuiTableCell-body MuiTableCell-alignRight MuiTableCell-sizeSmall css-17j8okc-MuiTableCell-root"
              >
                <div
                  class="MuiStack-root css-2bof0u-MuiStack-root"
                >
                  <button
                    aria-label="Borrow Refactoring"
                    class="MuiButtonBase-root MuiIconButton-root MuiIconButton-colorPrimary MuiIconButton-sizeSmall css-1adhh5r-MuiButtonBase-root-MuiIconButton-root"
                    data-mui-internal-clone-element="true"
                    tabindex="0"
                    type="button"
                  >
                    <svg
                      aria-hidden="true"
                      class="MuiSvgIcon-root MuiSvgIcon-fontSizeSmall css-120dh41-MuiSvgIcon-root"
                      data-testid="LogoutIcon"
                      focusable="false"
                      viewBox="0 0 24 24"
                    >
                      <path
                        d="m17 7-1.41 1.41L18.17 11H8v2h10.17l-2.58 2.58L17 17l5-5zM4 5h8V3H4c-1.1 0-2 .9-2 2v14c0 1.1.9 2 2 2h8v-2H4z"
                      />
                    </svg>
                  </button>
                  <button
                    aria-label="Delete Refactoring"
                    class="MuiButtonBase-root MuiIconButton-root MuiIconButton-colorError MuiIconButton-sizeSmall css-195ve3w-MuiButtonBase-root-MuiIconButton-root"
                    data-mui-internal-clone-element="true"
                    tabindex="0"
                    type="button"
                  >
                    <svg
                      aria-hidden="true"
                      class="MuiSvgIcon-root MuiSvgIcon-fontSizeSmall css-120dh41-MuiSvgIcon-root"
                      data-testid="DeleteOutlineIcon"
                      focusable="false"
                      viewBox="0 0 24 24"
                    >
                      <path
                        d="M6 19c0 1.1.9 2 2 2h8c1.1 0 2-.9 2-2V7H6zM8 9h8v10H8zm7.5-5-1-1h-5l-1 1H5v2h14V4z"
                      />
                    </svg>
                  </button>
                </div>
              </td>
            </tr>
          </tbody>
        </table>
      </div>
    </div>
  </div>
</DocumentFragment>
`;
